// Jest Snapshot v1, https://goo.gl/fbAQLP

exports[`Analytics.js matches snapshot 1`] = `
<div>
  <div
    class="row"
  >
    <header>
      <div
        class="row"
      >
        <div
          class="col-4 offset-sm-1"
        >
          <h1
            class="mt-5 mb-5 fw-bold"
          >
            Analytics
          </h1>
        </div>
        <div
          class="d-flex align-items-center justify-content-center flex-column col-5 offset-2"
        >
          <div
            class="undefined d-flex fw-medium justify-content-evenly cursor-pointer align-items-center arrow-select"
          >
            <button
              class="px-1"
              type="button"
            >
              <svg>
                CaretLeft.svg
              </svg>
            </button>
            <button
              class="px-1"
              type="button"
            >
              <h3>
                August 2023
              </h3>
            </button>
            <button
              class="px-1"
              type="button"
            >
              <svg>
                CaretRight.svg
              </svg>
            </button>
          </div>
          <div
            class="undefined d-flex fw-medium justify-content-evenly cursor-pointer align-items-center arrow-select"
          >
            <button
              class="px-1"
              type="button"
            >
              <svg>
                CaretLeft.svg
              </svg>
            </button>
            <button
              class="px-1"
              type="button"
            >
              <h3>
                week
              </h3>
            </button>
            <button
              class="px-1"
              type="button"
            >
              <svg>
                CaretRight.svg
              </svg>
            </button>
          </div>
        </div>
      </div>
    </header>
    <div
      class="col-md-10 offset-md-1"
    >
      <div
        class=" menu mb-3"
      >
        <div
          class="menu-container d-flex flex-column "
        >
          <div
            class="analytics-chart-container"
          >
            <div
              class="analytics-chart "
              data-testid="analytics-chart"
            >
              <ul
                class="mb-3 nav nav-tabs"
                role="tablist"
              >
                <li
                  class="nav-item"
                  role="presentation"
                >
                  <button
                    aria-controls="controlled-tab-example-tabpane-expense"
                    aria-selected="true"
                    class="nav-link active"
                    data-rr-ui-event-key="expense"
                    id="controlled-tab-example-tab-expense"
                    role="tab"
                    type="button"
                  >
                    Expense
                  </button>
                </li>
                <li
                  class="nav-item"
                  role="presentation"
                >
                  <button
                    aria-controls="controlled-tab-example-tabpane-income"
                    aria-selected="false"
                    class="nav-link"
                    data-rr-ui-event-key="income"
                    id="controlled-tab-example-tab-income"
                    role="tab"
                    tabindex="-1"
                    type="button"
                  >
                    Income
                  </button>
                </li>
              </ul>
              <div
                class="tab-content"
              >
                <div
                  aria-labelledby="controlled-tab-example-tab-expense"
                  class="fade tab-pane active show"
                  id="controlled-tab-example-tabpane-expense"
                  role="tabpanel"
                >
                  <canvas />
                </div>
                <div
                  aria-labelledby="controlled-tab-example-tab-income"
                  class="fade tab-pane"
                  id="controlled-tab-example-tabpane-income"
                  role="tabpanel"
                >
                  <canvas />
                </div>
              </div>
            </div>
            <div
              class="d-flex d-md-none justify-content-end expand-button"
            >
              <button
                class="bg-light-blue border-0 btn btn-primary"
                data-testid="expand-button"
                type="button"
              >
                <svg>
                  CaretDown.svg
                </svg>
              </button>
            </div>
          </div>
        </div>
      </div>
    </div>
    <div
      class="percentage col-md-6 offset-md-1"
    >
      <div
        class="percentage-menu menu mb-3"
      >
        <div
          class="menu-container d-flex flex-column "
        >
          <h3
            class="fw-medium"
          >
            Percentage
          </h3>
          <button
            class="mt-2 d-flex flex-row align-items-center justify-content-center"
            data-testid="percentage-item"
            disabled=""
            type="button"
          >
            <div
              class=" position-relative categoryIcon me-3"
            >
              <div
                class="bg-main-blue component-one-third-border-radius categoryIcon"
                style="background-color: rgb(122, 175, 252);"
              >
                <svg>
                  barbell.svg
                </svg>
              </div>
            </div>
            <div
              class="d-flex flex-column w-100"
            >
              <div
                class="d-flex justify-content-between"
              >
                <p
                  class="fs-4 mb-0"
                >
                  ggg
                </p>
                <p
                  class="fs-4 mb-0 fw-medium"
                >
                  1700.00
                  ₴
                </p>
              </div>
              <div
                class="d-flex w-100 justify-content-between"
              >
                <div
                  class="progress w-100 mt-1 me-4"
                >
                  <div
                    aria-label="progressBar"
                    aria-valuemax="100"
                    aria-valuemin="0"
                    aria-valuenow="27.9"
                    class="progress-bar"
                    role="progressbar"
                    style="width: 27.9%; background-color: rgb(122, 175, 252);"
                  />
                </div>
                <p>
                  27.9
                  %
                </p>
              </div>
            </div>
          </button>
          <button
            class="mt-2 d-flex flex-row align-items-center justify-content-center"
            data-testid="percentage-item"
            disabled=""
            type="button"
          >
            <div
              class=" position-relative categoryIcon me-3"
            >
              <div
                class="bg-main-blue component-one-third-border-radius categoryIcon"
                style="background-color: rgb(250, 8, 52);"
              >
                <svg>
                  palette.svg
                </svg>
              </div>
            </div>
            <div
              class="d-flex flex-column w-100"
            >
              <div
                class="d-flex justify-content-between"
              >
                <p
                  class="fs-4 mb-0"
                >
                  Groceries
                </p>
                <p
                  class="fs-4 mb-0 fw-medium"
                >
                  1337.00
                  ₴
                </p>
              </div>
              <div
                class="d-flex w-100 justify-content-between"
              >
                <div
                  class="progress w-100 mt-1 me-4"
                >
                  <div
                    aria-label="progressBar"
                    aria-valuemax="100"
                    aria-valuemin="0"
                    aria-valuenow="22.0"
                    class="progress-bar"
                    role="progressbar"
                    style="width: 22.0%; background-color: rgb(250, 8, 52);"
                  />
                </div>
                <p>
                  22.0
                  %
                </p>
              </div>
            </div>
          </button>
          <button
            class="mt-2 d-flex flex-row align-items-center justify-content-center"
            data-testid="percentage-item"
            type="button"
          >
            <div
              class=" position-relative categoryIcon me-3"
            >
              <svg>
                ShowMore.svg
              </svg>
            </div>
            <div
              class="d-flex flex-column w-100"
            >
              <div
                class="d-flex justify-content-between"
              >
                <p
                  class="fs-4 mb-0"
                >
                  Show more
                </p>
                <p
                  class="fs-4 mb-0 fw-medium"
                >
                  3047.00
                  ₴
                </p>
              </div>
              <div
                class="d-flex w-100 justify-content-between"
              >
                <div
                  class="progress w-100 mt-1 me-4"
                >
                  <div
                    aria-label="progressBar"
                    aria-valuemax="100"
                    aria-valuemin="0"
                    aria-valuenow="50.1"
                    class="progress-bar"
                    role="progressbar"
                    style="width: 50.1%; background-color: rgb(122, 175, 252);"
                  />
                </div>
                <p>
                  50.1
                  %
                </p>
              </div>
            </div>
          </button>
        </div>
      </div>
    </div>
    <div
      class="statistics col-md-4"
    >
      <div
        class="statistics-menu menu mb-3"
      >
        <div
          class="menu-container d-flex flex-column "
        >
          <h3
            class="fw-medium"
          >
            Statistics
          </h3>
          <p>
            Daily Average: 
            8.57
            ₴
          </p>
          <p>
            Weekly Average: 
            20.00
            ₴
          </p>
          <p>
            Monthly Average: 
            60.00
            ₴
          </p>
          <p>
            Total: 
            60.00
            ₴
          </p>
        </div>
      </div>
    </div>
  </div>
</div>
`;
