// Jest Snapshot v1, https://goo.gl/fbAQLP

exports[`Settings.js renders without errors 1`] = `
<div>
  <div
    class="vh-80 row"
  >
    <div
      class="col-md-10 offset-md-1"
    >
      <div
        class=" menu mb-3"
      >
        <div
          class="menu-container d-flex flex-column "
        >
          <div
            class="mb-3"
          >
            <h3
              class="mb-2 fw-medium"
            >
              Currency
            </h3>
            <select
              class="form-select"
            >
              <option
                value="1"
              >
                United States Dolar
                 - 
                $
              </option>
              <option
                value="2"
              >
                Euro
                 - 
                €
              </option>
              <option
                value="3"
              >
                Czech koruna
                 - 
                Kč
              </option>
              <option
                value="4"
              >
                Ukrainian hrivnia
                 - 
                ₴
              </option>
              <option
                value="5"
              >
                Polish złoty
                 - 
                zł
              </option>
            </select>
          </div>
          <div
            class="mb-3"
          >
            <h3
              class="mb-2 fw-medium"
            >
              Start page
            </h3>
            <select
              class="form-select"
            >
              <option
                value="/main"
              >
                /main
              </option>
              <option
                value="/category"
              >
                /category
              </option>
              <option
                value="/analytics"
              >
                /analytics
              </option>
              <option
                value="/settings"
              >
                /settings
              </option>
            </select>
          </div>
          <div
            class="mb-3"
          >
            <h3
              class="mb-2 fw-medium"
            >
              Calculator
            </h3>
            <div
              class="form-check"
            >
              <input
                class="form-check-input"
                id="closeCalculatorOnSubmit"
                name="closeCalculatorOnSubmit"
                type="checkbox"
              />
              <label
                class="form-check-label"
                for="closeCalculatorOnSubmit"
                title=""
              >
                Close calculator on submit
              </label>
            </div>
          </div>
          <div
            class="mb-3"
          >
            <h3
              class="mb-2 fw-medium"
            >
              Transaction
            </h3>
            <div
              class="form-check"
            >
              <input
                class="form-check-input"
                id="persistTransactionFilter"
                name="persistTransactionFilter"
                type="checkbox"
              />
              <label
                class="form-check-label"
                for="persistTransactionFilter"
                title=""
              >
                Persist transaction filter
              </label>
            </div>
          </div>
          <div
            class="mb-3"
          >
            <h3
              class="mb-2 fw-medium"
            >
              Theme
            </h3>
            <select
              class="form-select"
            >
              <option
                value="default"
              >
                default
              </option>
              <option
                value="dark"
              >
                dark
              </option>
              <option
                value="light"
              >
                light
              </option>
            </select>
          </div>
        </div>
      </div>
    </div>
  </div>
</div>
`;
