// Jest Snapshot v1, https://goo.gl/fbAQLP

exports[`WalletItem matches snapshot 1`] = `
<div>
  <h4
    class="m-0"
  >
    Card 0
  </h4>
  <h6
    class="m-0"
  >
    1000
     
    ₴
  </h6>
</div>
`;

exports[`WalletItem.js matches snapshot 1`] = `
<div>
  <h4
    class="m-0"
  >
    Card 0
  </h4>
  <h6
    class="m-0"
  >
    1000
     
    ₴
  </h6>
</div>
`;
