// Jest Snapshot v1, https://goo.gl/fbAQLP

exports[`Transactions.js renders transactions according to snapshot 1`] = `
<div>
  <div
    class="row"
  >
    <h4
      class="fw-medium"
    >
      23 August 2023
    </h4>
    <div
      class="accordion"
    >
      <div
        class="d-inline-flex justify-content-between my-1 w-100 col-md-12"
      >
        <div
          class="border-0 w-100  card"
        >
          <div
            class="bg-none px-0 px-sm-3 d-flex w-100 justify-content-between border-0 card-header"
          >
            <div
              class="w-100 cursor-pointer"
              role="button"
              tabindex="0"
            >
              <div
                class="d-flex flex-row align-items-center justify-content-between"
              >
                <div
                  class="d-flex flex-row align-items-center"
                >
                  <div
                    class="bg-main-blue component-one-third-border-radius categoryIcon"
                    style="background-color: rgb(250, 8, 52);"
                  >
                    <svg>
                      palette.svg
                    </svg>
                  </div>
                  <h5
                    class="ms-3 mb-0"
                  >
                    Leisure
                  </h5>
                </div>
                <h5>
                  -
                  1.00
                   
                  ₴
                </h5>
              </div>
            </div>
          </div>
          <div
            class="accordion-collapse collapse"
          >
            <div
              class="d-flex justify-content-evenly bg-light-blue text-light component-one-third-border-radius-bottom card-body"
            >
              <button
                class="cursor-pointer"
                tabindex="0"
                type="button"
              >
                <svg>
                  TrashCircle.svg
                </svg>
                <span
                  class="ms-2"
                >
                  Delete
                </span>
              </button>
              <button
                class="cursor-pointer"
                tabindex="0"
                type="button"
              >
                <svg>
                  Icon-1.svg
                </svg>
                <span
                  class="ms-2"
                >
                  Change
                </span>
              </button>
            </div>
          </div>
        </div>
      </div>
      <div
        class="d-inline-flex justify-content-between my-1 w-100 col-md-12"
      >
        <div
          class="border-0 w-100  card"
        >
          <div
            class="bg-none px-0 px-sm-3 d-flex w-100 justify-content-between border-0 card-header"
          >
            <div
              class="w-100 cursor-pointer"
              role="button"
              tabindex="0"
            >
              <div
                class="d-flex flex-row align-items-center justify-content-between"
              >
                <div
                  class="d-flex flex-row align-items-center"
                >
                  <div
                    class="bg-main-blue component-one-third-border-radius categoryIcon"
                    style="background-color: rgb(250, 8, 52);"
                  >
                    <svg>
                      palette.svg
                    </svg>
                  </div>
                  <h5
                    class="ms-3 mb-0"
                  >
                    Mock Transaction
                  </h5>
                </div>
                <h5>
                  -
                  1.00
                   
                  ₴
                </h5>
              </div>
            </div>
          </div>
          <div
            class="accordion-collapse collapse"
          >
            <div
              class="d-flex justify-content-evenly bg-light-blue text-light component-one-third-border-radius-bottom card-body"
            >
              <button
                class="cursor-pointer"
                tabindex="0"
                type="button"
              >
                <svg>
                  TrashCircle.svg
                </svg>
                <span
                  class="ms-2"
                >
                  Delete
                </span>
              </button>
              <button
                class="cursor-pointer"
                tabindex="0"
                type="button"
              >
                <svg>
                  Icon-1.svg
                </svg>
                <span
                  class="ms-2"
                >
                  Change
                </span>
              </button>
            </div>
          </div>
        </div>
      </div>
    </div>
  </div>
  <div
    class="row"
  >
    <h4
      class="fw-medium"
    >
      20 August 2023
    </h4>
    <div
      class="accordion"
    >
      <div
        class="d-inline-flex justify-content-between my-1 w-100 col-md-12"
      >
        <div
          class="border-0 w-100  card"
        >
          <div
            class="bg-none px-0 px-sm-3 d-flex w-100 justify-content-between border-0 card-header"
          >
            <div
              class="w-100 cursor-pointer"
              role="button"
              tabindex="0"
            >
              <div
                class="d-flex flex-row align-items-center justify-content-between"
              >
                <div
                  class="d-flex flex-row align-items-center"
                >
                  <div
                    class="bg-main-blue component-one-third-border-radius categoryIcon"
                    style="background-color: rgb(250, 8, 52);"
                  >
                    <svg>
                      palette.svg
                    </svg>
                  </div>
                  <h5
                    class="ms-3 mb-0"
                  >
                    Family
                  </h5>
                </div>
                <h5>
                  -
                  1.00
                   
                  ₴
                </h5>
              </div>
            </div>
          </div>
          <div
            class="accordion-collapse collapse"
          >
            <div
              class="d-flex justify-content-evenly bg-light-blue text-light component-one-third-border-radius-bottom card-body"
            >
              <button
                class="cursor-pointer"
                tabindex="0"
                type="button"
              >
                <svg>
                  TrashCircle.svg
                </svg>
                <span
                  class="ms-2"
                >
                  Delete
                </span>
              </button>
              <button
                class="cursor-pointer"
                tabindex="0"
                type="button"
              >
                <svg>
                  Icon-1.svg
                </svg>
                <span
                  class="ms-2"
                >
                  Change
                </span>
              </button>
            </div>
          </div>
        </div>
      </div>
    </div>
  </div>
  <div
    class="row"
  >
    <h4
      class="fw-medium"
    >
      16 August 2023
    </h4>
    <div
      class="accordion"
    >
      <div
        class="d-inline-flex justify-content-between my-1 w-100 col-md-12"
      >
        <div
          class="border-0 w-100  card"
        >
          <div
            class="bg-none px-0 px-sm-3 d-flex w-100 justify-content-between border-0 card-header"
          >
            <div
              class="w-100 cursor-pointer"
              role="button"
              tabindex="0"
            >
              <div
                class="d-flex flex-row align-items-center justify-content-between"
              >
                <div
                  class="d-flex flex-row align-items-center"
                >
                  <div
                    class="bg-main-blue component-one-third-border-radius categoryIcon"
                    style="background-color: rgb(250, 8, 52);"
                  >
                    <svg>
                      palette.svg
                    </svg>
                  </div>
                  <h5
                    class="ms-3 mb-0"
                  >
                    Groceries
                  </h5>
                </div>
                <h5>
                  -
                  2.00
                   
                  ₴
                </h5>
              </div>
            </div>
          </div>
          <div
            class="accordion-collapse collapse"
          >
            <div
              class="d-flex justify-content-evenly bg-light-blue text-light component-one-third-border-radius-bottom card-body"
            >
              <button
                class="cursor-pointer"
                tabindex="0"
                type="button"
              >
                <svg>
                  TrashCircle.svg
                </svg>
                <span
                  class="ms-2"
                >
                  Delete
                </span>
              </button>
              <button
                class="cursor-pointer"
                tabindex="0"
                type="button"
              >
                <svg>
                  Icon-1.svg
                </svg>
                <span
                  class="ms-2"
                >
                  Change
                </span>
              </button>
            </div>
          </div>
        </div>
      </div>
    </div>
  </div>
  <div
    class="row"
  >
    <h4
      class="fw-medium"
    >
      15 August 2023
    </h4>
    <div
      class="accordion"
    >
      <div
        class="d-inline-flex justify-content-between my-1 w-100 col-md-12"
      >
        <div
          class="border-0 w-100  card"
        >
          <div
            class="bg-none px-0 px-sm-3 d-flex w-100 justify-content-between border-0 card-header"
          >
            <div
              class="w-100 cursor-pointer"
              role="button"
              tabindex="0"
            >
              <div
                class="d-flex flex-row align-items-center justify-content-between"
              >
                <div
                  class="d-flex flex-row align-items-center"
                >
                  <div
                    class="bg-main-blue component-one-third-border-radius categoryIcon"
                    style="background-color: rgb(250, 8, 52);"
                  >
                    <svg>
                      palette.svg
                    </svg>
                  </div>
                  <h5
                    class="ms-3 mb-0"
                  >
                    Gifts
                  </h5>
                </div>
                <h5>
                  -
                  3.00
                   
                  ₴
                </h5>
              </div>
            </div>
          </div>
          <div
            class="accordion-collapse collapse"
          >
            <div
              class="d-flex justify-content-evenly bg-light-blue text-light component-one-third-border-radius-bottom card-body"
            >
              <button
                class="cursor-pointer"
                tabindex="0"
                type="button"
              >
                <svg>
                  TrashCircle.svg
                </svg>
                <span
                  class="ms-2"
                >
                  Delete
                </span>
              </button>
              <button
                class="cursor-pointer"
                tabindex="0"
                type="button"
              >
                <svg>
                  Icon-1.svg
                </svg>
                <span
                  class="ms-2"
                >
                  Change
                </span>
              </button>
            </div>
          </div>
        </div>
      </div>
      <div
        class="d-inline-flex justify-content-between my-1 w-100 col-md-12"
      >
        <div
          class="border-0 w-100  card"
        >
          <div
            class="bg-none px-0 px-sm-3 d-flex w-100 justify-content-between border-0 card-header"
          >
            <div
              class="w-100 cursor-pointer"
              role="button"
              tabindex="0"
            >
              <div
                class="d-flex flex-row align-items-center justify-content-between"
              >
                <div
                  class="d-flex flex-row align-items-center"
                >
                  <div
                    class="bg-main-blue component-one-third-border-radius categoryIcon"
                    style="background-color: rgb(250, 8, 52);"
                  >
                    <svg>
                      palette.svg
                    </svg>
                  </div>
                  <h5
                    class="ms-3 mb-0"
                  >
                    Groceries
                  </h5>
                </div>
                <h5>
                  -
                  10.00
                   
                  ₴
                </h5>
              </div>
            </div>
          </div>
          <div
            class="accordion-collapse collapse"
          >
            <div
              class="d-flex justify-content-evenly bg-light-blue text-light component-one-third-border-radius-bottom card-body"
            >
              <button
                class="cursor-pointer"
                tabindex="0"
                type="button"
              >
                <svg>
                  TrashCircle.svg
                </svg>
                <span
                  class="ms-2"
                >
                  Delete
                </span>
              </button>
              <button
                class="cursor-pointer"
                tabindex="0"
                type="button"
              >
                <svg>
                  Icon-1.svg
                </svg>
                <span
                  class="ms-2"
                >
                  Change
                </span>
              </button>
            </div>
          </div>
        </div>
      </div>
    </div>
  </div>
  <div
    class="row"
  >
    <h4
      class="fw-medium"
    >
      14 August 2023
    </h4>
    <div
      class="accordion"
    >
      <div
        class="d-inline-flex justify-content-between my-1 w-100 col-md-12"
      >
        <div
          class="border-0 w-100  card"
        >
          <div
            class="bg-none px-0 px-sm-3 d-flex w-100 justify-content-between border-0 card-header"
          >
            <div
              class="w-100 cursor-pointer"
              role="button"
              tabindex="0"
            >
              <div
                class="d-flex flex-row align-items-center justify-content-between"
              >
                <div
                  class="d-flex flex-row align-items-center"
                >
                  <div
                    class="bg-main-blue component-one-third-border-radius categoryIcon"
                    style="background-color: rgb(250, 8, 52);"
                  >
                    <svg>
                      palette.svg
                    </svg>
                  </div>
                  <h5
                    class="ms-3 mb-0"
                  >
                    Groceries
                  </h5>
                </div>
                <h5>
                  -
                  2.00
                   
                  ₴
                </h5>
              </div>
            </div>
          </div>
          <div
            class="accordion-collapse collapse"
          >
            <div
              class="d-flex justify-content-evenly bg-light-blue text-light component-one-third-border-radius-bottom card-body"
            >
              <button
                class="cursor-pointer"
                tabindex="0"
                type="button"
              >
                <svg>
                  TrashCircle.svg
                </svg>
                <span
                  class="ms-2"
                >
                  Delete
                </span>
              </button>
              <button
                class="cursor-pointer"
                tabindex="0"
                type="button"
              >
                <svg>
                  Icon-1.svg
                </svg>
                <span
                  class="ms-2"
                >
                  Change
                </span>
              </button>
            </div>
          </div>
        </div>
      </div>
      <div
        class="d-inline-flex justify-content-between my-1 w-100 col-md-12"
      >
        <div
          class="border-0 w-100  card"
        >
          <div
            class="bg-none px-0 px-sm-3 d-flex w-100 justify-content-between border-0 card-header"
          >
            <div
              class="w-100 cursor-pointer"
              role="button"
              tabindex="0"
            >
              <div
                class="d-flex flex-row align-items-center justify-content-between"
              >
                <div
                  class="d-flex flex-row align-items-center"
                >
                  <div
                    class="bg-main-blue component-one-third-border-radius categoryIcon"
                    style="background-color: rgb(250, 8, 52);"
                  >
                    <svg>
                      palette.svg
                    </svg>
                  </div>
                  <h5
                    class="ms-3 mb-0"
                  >
                    Groceries
                  </h5>
                </div>
                <h5>
                  -
                  1.00
                   
                  ₴
                </h5>
              </div>
            </div>
          </div>
          <div
            class="accordion-collapse collapse"
          >
            <div
              class="d-flex justify-content-evenly bg-light-blue text-light component-one-third-border-radius-bottom card-body"
            >
              <button
                class="cursor-pointer"
                tabindex="0"
                type="button"
              >
                <svg>
                  TrashCircle.svg
                </svg>
                <span
                  class="ms-2"
                >
                  Delete
                </span>
              </button>
              <button
                class="cursor-pointer"
                tabindex="0"
                type="button"
              >
                <svg>
                  Icon-1.svg
                </svg>
                <span
                  class="ms-2"
                >
                  Change
                </span>
              </button>
            </div>
          </div>
        </div>
      </div>
    </div>
  </div>
  <div
    class="row"
  >
    <h4
      class="fw-medium"
    >
      12 August 2023
    </h4>
    <div
      class="accordion"
    >
      <div
        class="d-inline-flex justify-content-between my-1 w-100 col-md-12"
      >
        <div
          class="border-0 w-100  card"
        >
          <div
            class="bg-none px-0 px-sm-3 d-flex w-100 justify-content-between border-0 card-header"
          >
            <div
              class="w-100 cursor-pointer"
              role="button"
              tabindex="0"
            >
              <div
                class="d-flex flex-row align-items-center justify-content-between"
              >
                <div
                  class="d-flex flex-row align-items-center"
                >
                  <div
                    class="bg-main-blue component-one-third-border-radius categoryIcon"
                    style="background-color: rgb(250, 8, 52);"
                  >
                    <svg>
                      palette.svg
                    </svg>
                  </div>
                  <h5
                    class="ms-3 mb-0"
                  >
                    фыв
                  </h5>
                </div>
                <h5>
                  -
                  20.00
                   
                  ₴
                </h5>
              </div>
            </div>
          </div>
          <div
            class="accordion-collapse collapse"
          >
            <div
              class="d-flex justify-content-evenly bg-light-blue text-light component-one-third-border-radius-bottom card-body"
            >
              <button
                class="cursor-pointer"
                tabindex="0"
                type="button"
              >
                <svg>
                  TrashCircle.svg
                </svg>
                <span
                  class="ms-2"
                >
                  Delete
                </span>
              </button>
              <button
                class="cursor-pointer"
                tabindex="0"
                type="button"
              >
                <svg>
                  Icon-1.svg
                </svg>
                <span
                  class="ms-2"
                >
                  Change
                </span>
              </button>
            </div>
          </div>
        </div>
      </div>
    </div>
  </div>
  <div
    class="row"
  >
    <h4
      class="fw-medium"
    >
      25 August 2023
    </h4>
    <div
      class="accordion"
    >
      <div
        class="d-inline-flex justify-content-between my-1 w-100 col-md-12"
      >
        <div
          class="border-0 w-100  card"
        >
          <div
            class="bg-none px-0 px-sm-3 d-flex w-100 justify-content-between border-0 card-header"
          >
            <div
              class="w-100 cursor-pointer"
              role="button"
              tabindex="0"
            >
              <div
                class="d-flex flex-row align-items-center justify-content-between"
              >
                <div
                  class="d-flex flex-row align-items-center"
                >
                  <div
                    class="bg-main-blue component-one-third-border-radius categoryIcon"
                    style="background-color: rgb(250, 8, 52);"
                  >
                    <svg>
                      palette.svg
                    </svg>
                  </div>
                  <h5
                    class="ms-3 mb-0"
                  >
                    Family
                  </h5>
                </div>
                <h5>
                  -
                  20.00
                   
                  ₴
                </h5>
              </div>
            </div>
          </div>
          <div
            class="accordion-collapse collapse"
          >
            <div
              class="d-flex justify-content-evenly bg-light-blue text-light component-one-third-border-radius-bottom card-body"
            >
              <button
                class="cursor-pointer"
                tabindex="0"
                type="button"
              >
                <svg>
                  TrashCircle.svg
                </svg>
                <span
                  class="ms-2"
                >
                  Delete
                </span>
              </button>
              <button
                class="cursor-pointer"
                tabindex="0"
                type="button"
              >
                <svg>
                  Icon-1.svg
                </svg>
                <span
                  class="ms-2"
                >
                  Change
                </span>
              </button>
            </div>
          </div>
        </div>
      </div>
    </div>
  </div>
  <div
    class="row"
  >
    <button
      class="d-flex justify-content-center mt-4 bg-light-blue border-0 btn btn-primary"
      type="button"
    >
      Load More
    </button>
  </div>
</div>
`;
